{
    "Should convert SAM to sorted BAM": {
        "content": [
            {
                "0": [
                    [
                        {
                            "id": "test",
                            "single_end": false
                        },
                        "test.sorted_sorted.bam:md5,9fe907fe0ed949c9b6e57aab851e97f1"
                    ]
                ],
                "1": [
                    [
                        "SAMTOOLS_SORT",
                        "samtools",
                        "1.17"
                    ]
                ],
                "bam": [
                    [
                        {
                            "id": "test",
                            "single_end": false
                        },
                        "test.sorted_sorted.bam:md5,9fe907fe0ed949c9b6e57aab851e97f1"
                    ]
                ],
                "versions_samtools": [
                    [
                        "SAMTOOLS_SORT",
                        "samtools",
                        "1.17"
                    ]
                ]
            }
        ],
        "timestamp": "2026-06-08T16:24:16.069341499",
        "meta": {
            "nf-test": "0.9.5",
            "nextflow": "26.04.3"
        }
    }
}