{
    "Should convert SAM to sorted BAM": {
        "content": [
            {
                "0": [
                    [
                        {
                            "id": "test",
                            "single_end": false
                        },
                        "test.sorted_sorted.bam:md5,4c62d947695276aafe80d7f01284bbe0"
                    ]
                ],
                "1": [
                    "versions.yml:md5,46f7a36082fa1f68285fe30d689244e8"
                ],
                "bam": [
                    [
                        {
                            "id": "test",
                            "single_end": false
                        },
                        "test.sorted_sorted.bam:md5,4c62d947695276aafe80d7f01284bbe0"
                    ]
                ],
                "versions": [
                    "versions.yml:md5,46f7a36082fa1f68285fe30d689244e8"
                ]
            }
        ],
        "meta": {
            "nf-test": "0.9.2",
            "nextflow": "24.10.5"
        },
        "timestamp": "2025-10-23T20:19:11.038773998"
    }
}