{
    "Should work in stub mode": {
        "content": [
            {
                "0": [
                    [
                        {
                            "id": "test_stub",
                            "single_end": false
                        },
                        "test_stub.bed:md5,d41d8cd98f00b204e9800998ecf8427e"
                    ]
                ],
                "1": [
                    [
                        {
                            "id": "test_stub",
                            "single_end": false
                        },
                        "test_stub_sm_preds.json:md5,d41d8cd98f00b204e9800998ecf8427e"
                    ]
                ],
                "2": [
                    
                ],
                "3": [
                    [
                        "YANOCOMP_ANALYSIS",
                        "yanocomp",
                        ""
                    ]
                ],
                "bed": [
                    [
                        {
                            "id": "test_stub",
                            "single_end": false
                        },
                        "test_stub.bed:md5,d41d8cd98f00b204e9800998ecf8427e"
                    ]
                ],
                "json": [
                    [
                        {
                            "id": "test_stub",
                            "single_end": false
                        },
                        "test_stub_sm_preds.json:md5,d41d8cd98f00b204e9800998ecf8427e"
                    ]
                ],
                "log": [
                    
                ],
                "versions_yanocomp": [
                    [
                        "YANOCOMP_ANALYSIS",
                        "yanocomp",
                        ""
                    ]
                ]
            }
        ],
        "timestamp": "2026-06-08T16:55:23.407475489",
        "meta": {
            "nf-test": "0.9.5",
            "nextflow": "26.04.3"
        }
    }
}