{
    "Should work in stub mode": {
        "content": [
            {
                "dataprep": [
                    [
                        {
                            "id": "test_stub",
                            "single_end": false
                        },
                        "dataprep_test_stub"
                    ]
                ],
                "versions_xpore": [
                    [
                        "XPORE_DATAPREP",
                        "xpore",
                        "2.0"
                    ]
                ]
            }
        ],
        "timestamp": "2026-06-08T16:50:14.61323156",
        "meta": {
            "nf-test": "0.9.5",
            "nextflow": "26.04.3"
        }
    },
    "Should prepare xpore data directory from eventalign output": {
        "content": [
            {
                "dataprep": [
                    [
                        {
                            "id": "test",
                            "single_end": false
                        },
                        "dataprep_test"
                    ]
                ],
                "versions_xpore": [
                    [
                        "XPORE_DATAPREP",
                        "xpore",
                        "2.0"
                    ]
                ]
            }
        ],
        "timestamp": "2026-06-08T16:49:59.634143309",
        "meta": {
            "nf-test": "0.9.5",
            "nextflow": "26.04.3"
        }
    }
}