{
    "Should detect modifications from resquiggled FAST5 files": {
        "content": [
            {
                "0": [
                    [
                        "test",
                        "test.tombo.stats:md5,55f50645b7a0ea9dfc2a36d679714ad4"
                    ]
                ],
                "stats": [
                    [
                        "test",
                        "test.tombo.stats:md5,55f50645b7a0ea9dfc2a36d679714ad4"
                    ]
                ]
            }
        ],
        "meta": {
            "nf-test": "0.9.3",
            "nextflow": "25.10.2"
        },
        "timestamp": "2025-12-07T20:37:20.872073831"
    }
}
