{
    "Should detect modifications from resquiggled FAST5 files": {
        "content": [
            {
                "log": [
                    "test_tombo_detect.log"
                ],
                "stats": [
                    [
                        "test",
                        "test.tombo.stats:md5,c0a8032544c6b6f71c45180b3a4d54bc"
                    ]
                ],
                "versions_tombo": [
                    [
                        "TOMBO_DETECT_MODIFICATIONS",
                        "tombo",
                        "1.5.1"
                    ]
                ]
            }
        ],
        "timestamp": "2026-06-08T16:45:22.178987982",
        "meta": {
            "nf-test": "0.9.5",
            "nextflow": "26.04.3"
        }
    }
}