{
    "Should work in stub mode": {
        "content": [
            {
                "log": [

                ],
                "results": [
                    [
                        "test_stub",
                        "test_stub_sampcomp"
                    ]
                ],
                "versions_nanocompore": [
                    [
                        "NANOCOMPORE_SAMPCOMP",
                        "nanocompore",
                        "1.0.4"
                    ]
                ]
            }
        ],
        "timestamp": "2026-06-08T15:19:06.741308531",
        "meta": {
            "nf-test": "0.9.5",
            "nextflow": "26.04.3"
        }
    }
}