{
    "Should align Oxford Nanopore reads to reference": {
        "content": [
            {
                "0": [
                    [
                        {
                            "id": "test",
                            "single_end": false
                        },
                        "test.sam:md5,ea0563c293c8874c60b7de4dac3211fa"
                    ]
                ],
                "1": [
                    [
                        "MINIMAP2_ALIGN",
                        "minimap2",
                        "2.24-r1122"
                    ]
                ],
                "sam": [
                    [
                        {
                            "id": "test",
                            "single_end": false
                        },
                        "test.sam:md5,ea0563c293c8874c60b7de4dac3211fa"
                    ]
                ],
                "versions_minimap2": [
                    [
                        "MINIMAP2_ALIGN",
                        "minimap2",
                        "2.24-r1122"
                    ]
                ]
            }
        ],
        "timestamp": "2026-06-08T15:18:18.462544041",
        "meta": {
            "nf-test": "0.9.5",
            "nextflow": "26.04.3"
        }
    }
}