{
    "empty fastq": {
        "content": [
            {
                "0": [
                    [
                        {
                            "id": "empty_test"
                        },
                        "empty_test.read_ids.txt:md5,d41d8cd98f00b204e9800998ecf8427e"
                    ]
                ],
                "1": [
                    [
                        "EXTRACT_READ_IDS",
                        "seqkit",
                        "seqkit v2.3.0"
                    ]
                ],
                "read_ids": [
                    [
                        {
                            "id": "empty_test"
                        },
                        "empty_test.read_ids.txt:md5,d41d8cd98f00b204e9800998ecf8427e"
                    ]
                ],
                "versions_seqkit": [
                    [
                        "EXTRACT_READ_IDS",
                        "seqkit",
                        "seqkit v2.3.0"
                    ]
                ]
            }
        ],
        "timestamp": "2026-06-08T07:05:34.285966805",
        "meta": {
            "nf-test": "0.9.5",
            "nextflow": "26.04.3"
        }
    },
    "nanopore fastq compressed": {
        "content": [
            {
                "0": [
                    [
                        {
                            "id": "test_nanopore_gz"
                        },
                        "test_nanopore_gz.read_ids.txt:md5,b32c43f73be5548cdf8f4e85b436f9ea"
                    ]
                ],
                "1": [
                    [
                        "EXTRACT_READ_IDS",
                        "seqkit",
                        "seqkit v2.3.0"
                    ]
                ],
                "read_ids": [
                    [
                        {
                            "id": "test_nanopore_gz"
                        },
                        "test_nanopore_gz.read_ids.txt:md5,b32c43f73be5548cdf8f4e85b436f9ea"
                    ]
                ],
                "versions_seqkit": [
                    [
                        "EXTRACT_READ_IDS",
                        "seqkit",
                        "seqkit v2.3.0"
                    ]
                ]
            }
        ],
        "timestamp": "2026-06-08T07:05:27.433477785",
        "meta": {
            "nf-test": "0.9.5",
            "nextflow": "26.04.3"
        }
    },
    "nanopore fastq uncompressed": {
        "content": [
            {
                "0": [
                    [
                        {
                            "id": "test_nanopore"
                        },
                        "test_nanopore.read_ids.txt:md5,b32c43f73be5548cdf8f4e85b436f9ea"
                    ]
                ],
                "1": [
                    [
                        "EXTRACT_READ_IDS",
                        "seqkit",
                        "seqkit v2.3.0"
                    ]
                ],
                "read_ids": [
                    [
                        {
                            "id": "test_nanopore"
                        },
                        "test_nanopore.read_ids.txt:md5,b32c43f73be5548cdf8f4e85b436f9ea"
                    ]
                ],
                "versions_seqkit": [
                    [
                        "EXTRACT_READ_IDS",
                        "seqkit",
                        "seqkit v2.3.0"
                    ]
                ]
            }
        ],
        "timestamp": "2026-06-08T07:05:20.663056748",
        "meta": {
            "nf-test": "0.9.5",
            "nextflow": "26.04.3"
        }
    },
    "nanopore fastq - stub": {
        "content": [
            {
                "0": [
                    [
                        {
                            "id": "test_stub"
                        },
                        "test_stub.read_ids.txt:md5,d41d8cd98f00b204e9800998ecf8427e"
                    ]
                ],
                "1": [
                    [
                        "EXTRACT_READ_IDS",
                        "seqkit",
                        "seqkit v2.3.0"
                    ]
                ],
                "read_ids": [
                    [
                        {
                            "id": "test_stub"
                        },
                        "test_stub.read_ids.txt:md5,d41d8cd98f00b204e9800998ecf8427e"
                    ]
                ],
                "versions_seqkit": [
                    [
                        "EXTRACT_READ_IDS",
                        "seqkit",
                        "seqkit v2.3.0"
                    ]
                ]
            }
        ],
        "timestamp": "2026-06-08T07:05:41.136441371",
        "meta": {
            "nf-test": "0.9.5",
            "nextflow": "26.04.3"
        }
    }
}