{
    "Should work in stub mode": {
        "content": [
            {
                "fast5": [
                    [
                        {
                            "fast5_dir": "fast5_input",
                            "id": "test_stub"
                        },
                        "fast5_subset"
                    ]
                ],
                "versions_ont_fast5_api": [
                    [
                        "FAST5_SUBSET",
                        "ont-fast5-api",
                        "3.14"
                    ]
                ]
            }
        ],
        "timestamp": "2026-06-08T15:00:37.125738421",
        "meta": {
            "nf-test": "0.9.5",
            "nextflow": "26.04.3"
        }
    }
}