{
    "Should subset fast5 files based on read IDs": {
        "content": [
            {
                "0": [
                    [
                        {
                            "id": "test",
                            "fast5_dir": [
                                "batch_0.fast5:md5,32603e73a2b7ef66cd956fc74c640285"
                            ]
                        },
                        [
                            "batch0.fast5:md5,631f0a781888ee59de4471f576b762b6",
                            "filename_mapping.txt:md5,daa77a4bdba25f22e1b40a17737c0841"
                        ]
                    ]
                ],
                "1": [
                    "versions.yml:md5,8e30481eac71d1a124d65796c7c7db3a"
                ],
                "fast5": [
                    [
                        {
                            "id": "test",
                            "fast5_dir": [
                                "batch_0.fast5:md5,32603e73a2b7ef66cd956fc74c640285"
                            ]
                        },
                        [
                            "batch0.fast5:md5,631f0a781888ee59de4471f576b762b6",
                            "filename_mapping.txt:md5,daa77a4bdba25f22e1b40a17737c0841"
                        ]
                    ]
                ],
                "versions": [
                    "versions.yml:md5,8e30481eac71d1a124d65796c7c7db3a"
                ]
            }
        ],
        "meta": {
            "nf-test": "0.9.3",
            "nextflow": "25.10.2"
        },
        "timestamp": "2025-12-07T20:29:15.720105206"
    }
}