{
    "Should resquiggle nanopore FAST5 files with tombo": {
        "content": [
            {
                "resquiggled": [
                    [
                        {
                            "id": "test",
                            "single_end": true
                        },
                        "100read_fast5"
                    ]
                ],
                "versions_tombo": [
                    [
                        "TOMBO_RESQUIGGLE",
                        "tombo",
                        "1.5.1"
                    ]
                ]
            }
        ],
        "timestamp": "2026-06-08T16:46:00.838104385",
        "meta": {
            "nf-test": "0.9.5",
            "nextflow": "26.04.3"
        }
    }
}