{
    "Should calculate per-base depth from BAM file": {
        "content": [
            {
                "0": [
                    [
                        {
                            "id": "test",
                            "single_end": false
                        },
                        "test.txt:md5,69d49bf5e82d7714a54d9f36a5403cff"
                    ]
                ],
                "1": [
                    [
                        "SAMTOOLS_DEPTH",
                        "samtools",
                        "1.17"
                    ]
                ],
                "depth": [
                    [
                        {
                            "id": "test",
                            "single_end": false
                        },
                        "test.txt:md5,69d49bf5e82d7714a54d9f36a5403cff"
                    ]
                ],
                "versions_samtools": [
                    [
                        "SAMTOOLS_DEPTH",
                        "samtools",
                        "1.17"
                    ]
                ]
            }
        ],
        "timestamp": "2026-06-08T16:23:30.914772172",
        "meta": {
            "nf-test": "0.9.5",
            "nextflow": "26.04.3"
        }
    }
}