{
    "Should work in stub mode": {
        "content": [
            {
                "fast5": [
                    [
                        {
                            "id": "test_stub"
                        },
                        "single_fast5_test_stub"
                    ]
                ],
                "versions_ont_fast5_api": [
                    [
                        "MULTI_TO_SINGLE_FAST5",
                        "ont-fast5-api",
                        "3.14"
                    ]
                ]
            }
        ],
        "timestamp": "2026-06-08T15:18:34.911632162",
        "meta": {
            "nf-test": "0.9.5",
            "nextflow": "26.04.3"
        }
    }
}