{
    "Should extract mapped reads from SAM file to FASTQ": {
        "content": [
            {
                "0": [
                    [
                        {
                            "id": "test",
                            "single_end": false
                        },
                        "test.fastq:md5,b69ed87fa2058eb05fdcd76ea19591b2"
                    ]
                ],
                "1": [
                    [
                        "EXTRACT_MAPPED_READS",
                        "samtools",
                        "1.17"
                    ]
                ],
                "fastq": [
                    [
                        {
                            "id": "test",
                            "single_end": false
                        },
                        "test.fastq:md5,b69ed87fa2058eb05fdcd76ea19591b2"
                    ]
                ],
                "versions_samtools": [
                    [
                        "EXTRACT_MAPPED_READS",
                        "samtools",
                        "1.17"
                    ]
                ]
            }
        ],
        "timestamp": "2026-06-08T16:26:21.62591366",
        "meta": {
            "nf-test": "0.9.5",
            "nextflow": "26.04.3"
        }
    }
}