{
    "Should generate flagstat statistics from BAM file": {
        "content": [
            {
                "0": [
                    [
                        {
                            "id": "test",
                            "single_end": false
                        },
                        "test_flagstat.txt:md5,c054220bfc908d26852cc3811b95bdaf"
                    ]
                ],
                "1": [
                    [
                        "SAMTOOLS_FLAGSTAT",
                        "samtools",
                        "1.17"
                    ]
                ],
                "flagstat": [
                    [
                        {
                            "id": "test",
                            "single_end": false
                        },
                        "test_flagstat.txt:md5,c054220bfc908d26852cc3811b95bdaf"
                    ]
                ],
                "versions_samtools": [
                    [
                        "SAMTOOLS_FLAGSTAT",
                        "samtools",
                        "1.17"
                    ]
                ]
            }
        ],
        "timestamp": "2026-06-08T16:23:45.842279771",
        "meta": {
            "nf-test": "0.9.5",
            "nextflow": "26.04.3"
        }
    }
}