{
    "Should create BAM index file": {
        "content": [
            {
                "0": [
                    [
                        {
                            "id": "test",
                            "single_end": false
                        },
                        "test.bam.bai:md5,ee5acb04501c456bf26722624058963f"
                    ]
                ],
                "1": [
                    [
                        "SAMTOOLS_INDEX",
                        "samtools",
                        "1.17"
                    ]
                ],
                "bai": [
                    [
                        {
                            "id": "test",
                            "single_end": false
                        },
                        "test.bam.bai:md5,ee5acb04501c456bf26722624058963f"
                    ]
                ],
                "versions_samtools": [
                    [
                        "SAMTOOLS_INDEX",
                        "samtools",
                        "1.17"
                    ]
                ]
            }
        ],
        "timestamp": "2026-06-08T16:24:00.986636764",
        "meta": {
            "nf-test": "0.9.5",
            "nextflow": "26.04.3"
        }
    }
}