{
    "Should convert SAM to BAM with default filtering (exclude unmapped reads)": {
        "content": [
            {
                "0": [
                    [
                        {
                            "id": "test",
                            "single_end": false
                        },
                        "test.bam:md5,cc3c23f0eeaae52f4a778667dd34d393"
                    ]
                ],
                "1": [
                    [
                        "SAMTOOLS_VIEW",
                        "samtools",
                        "1.17"
                    ]
                ],
                "bam": [
                    [
                        {
                            "id": "test",
                            "single_end": false
                        },
                        "test.bam:md5,cc3c23f0eeaae52f4a778667dd34d393"
                    ]
                ],
                "versions_samtools": [
                    [
                        "SAMTOOLS_VIEW",
                        "samtools",
                        "1.17"
                    ]
                ]
            }
        ],
        "timestamp": "2026-06-08T16:24:31.374163117",
        "meta": {
            "nf-test": "0.9.5",
            "nextflow": "26.04.3"
        }
    }
}